app/employees/[id]/page.tsx(1,3): error TS1443: Module declaration names may only use ' or " quoted strings.
app/employees/[id]/page.tsx(71,79): error TS1005: ';' expected.
app/employees/[id]/page.tsx(115,71): error TS1005: ';' expected.
app/employees/[id]/page.tsx(115,78): error TS1005: ';' expected.
app/employees/[id]/page.tsx(115,85): error TS1005: ';' expected.
app/employees/[id]/page.tsx(115,100): error TS1005: ';' expected.
app/employees/[id]/page.tsx(115,110): error TS1005: ';' expected.
app/employees/[id]/page.tsx(115,126): error TS1005: ';' expected.
app/employees/[id]/page.tsx(144,63): error TS1005: ';' expected.
app/employees/[id]/page.tsx(144,70): error TS1005: ';' expected.
app/employees/[id]/page.tsx(144,79): error TS1005: ';' expected.
app/employees/[id]/page.tsx(144,97): error TS1005: ';' expected.
app/employees/[id]/page.tsx(144,109): error TS1005: ';' expected.
app/employees/[id]/page.tsx(162,1): error TS1160: Unterminated template literal.
